=== INICIANDO PRUEBAS E2E DE INTEGRACI├ôN ===

1-2. Creando ticket velada para Cliente Test 68 (51962305760)...
[API DEBUG] Upserting client: { name: 'Cliente Test 68', cleanPhone: '51962305760' }
node.exe : [API ERROR] 
Client Insert Error {
En línea: 1 Carácter: 1
+ & "C:\Program 
Files\nodejs/node.exe" 
"C:\Program 
Files\nodejs/node_mo ...
+ ~~~~~~~~~~~~~~~~~~~~~~~~
~~~~~~~~~~~~~~~~~~~~~~~~~~
~~~~~~~~~~~~~~~~~~~
    + CategoryInfo        
      : NotSpecified: ([  
  API ERROR] Client Ins   
 ert Error {:String) [    
], RemoteException
    + FullyQualifiedError 
   Id : NativeCommandErr  
  or
 
  code: '42501',
  details: null,
  hint: null,
  message: 'new row 
violates row-level 
security policy for table 
"clients"'
}

ÔØî ERROR GRAVE EN 
PRUEBAS E2E:
Error: Error inserting 
client: new row violates 
row-level security policy 
for table "clients"
    at upsertClient (C:\Us
ers\fivav\Downloads\SISTEM
A TICKETS\src\services\api
.js:52:11)
    at 
processTicksAndRejections 
(node:internal/process/tas
k_queues:103:5)
    at createVelaTicket (C
:\Users\fivav\Downloads\SI
STEMA TICKETS\src\services
\api.js:71:21)
    at runTests (C:\Users\
fivav\Downloads\SISTEMA 
TICKETS\test-e2e.js:12:5)
